CONNECT /static/*
DELETE /api/v1/admin/members/{userID}
DELETE /api/v1/admin/periods/{periodID}
DELETE /api/v1/admin/teams/{teamID}
DELETE /api/v1/admin/teams/{teamID}/hard
DELETE /api/v1/admin/users/{userID}/admin
DELETE /api/v1/admin/users/{userID}/grants/{teamID}
DELETE /api/v1/goals/{goalID}
DELETE /api/v1/goals/{goalID}/comments/{commentID}
DELETE /api/v1/goals/{goalID}/share/{teamID}
DELETE /api/v1/krs/{krID}
DELETE /api/v1/notifications/{id}
DELETE /api/v1/session/memberships/{tenantID}
DELETE /api/v1/system/tenants/{id}/members/{userID}
DELETE /static/*
GET /
GET /activity-log
GET /admin
GET /admin/access
GET /admin/health-checkin
GET /admin/periods
GET /admin/periods/{periodID}/edit
GET /admin/teams
GET /admin/teams/new
GET /admin/teams/{teamID}/edit
GET /admin/users/{userID}
GET /api/v1/activity
GET /api/v1/activity/category-counts
GET /api/v1/activity/tree-counts
GET /api/v1/admin/access-requests
GET /api/v1/admin/invitations
GET /api/v1/admin/periods
GET /api/v1/admin/periods/stats
GET /api/v1/admin/periods/{periodID}/overview
GET /api/v1/admin/settings/access
GET /api/v1/admin/settings/feedback
GET /api/v1/admin/settings/general
GET /api/v1/admin/settings/health-checkin
GET /api/v1/admin/settings/notifications
GET /api/v1/admin/teams
GET /api/v1/admin/users
GET /api/v1/admin/users/{userID}
GET /api/v1/admin/users/{userID}/grants
GET /api/v1/config
GET /api/v1/goal-tree
GET /api/v1/goals/linkable
GET /api/v1/goals/{goalID}
GET /api/v1/health-checkin
GET /api/v1/hierarchy
GET /api/v1/me
GET /api/v1/notifications
GET /api/v1/notifications/preferences
GET /api/v1/notifications/unread-count
GET /api/v1/periods
GET /api/v1/periods/{periodID}/overview
GET /api/v1/session/memberships
GET /api/v1/session/tenants
GET /api/v1/system/notification-channels
GET /api/v1/system/settings
GET /api/v1/system/tenants
GET /api/v1/system/tenants/{id}/entitlements
GET /api/v1/system/tenants/{id}/members
GET /api/v1/system/users
GET /api/v1/teams/{teamID}
GET /api/v1/teams/{teamID}/export
GET /api/v1/teams/{teamID}/okrs
GET /api/v1/teams/{teamID}/overview
GET /api/v1/users
GET /auth/{provider}/callback
GET /auth/{provider}/start
GET /goal-tree
GET /invite/{token}
GET /login
GET /no-access
GET /period-overview
GET /periods
GET /settings
GET /static/*
GET /system
GET /teamOkrs
GET /teams
GET /teams/{teamID}/okr
HEAD /static/*
OPTIONS /static/*
PATCH /api/v1/admin/periods/{periodID}
PATCH /api/v1/admin/teams/{teamID}
PATCH /api/v1/system/tenants/{id}
PATCH /static/*
POST /api/v1/admin/access-requests/{userID}/approve
POST /api/v1/admin/access-requests/{userID}/deny
POST /api/v1/admin/activity/purge
POST /api/v1/admin/invitations
POST /api/v1/admin/invitations/{id}/revoke
POST /api/v1/admin/periods
POST /api/v1/admin/periods/{periodID}/archive
POST /api/v1/admin/periods/{periodID}/teams/activate
POST /api/v1/admin/periods/{periodID}/teams/close
POST /api/v1/admin/periods/{periodID}/unarchive
POST /api/v1/admin/settings/access
POST /api/v1/admin/settings/feedback
POST /api/v1/admin/settings/general
POST /api/v1/admin/settings/health-checkin
POST /api/v1/admin/settings/notifications/{channel}/test
POST /api/v1/admin/teams
POST /api/v1/admin/teams/{teamID}/restore
POST /api/v1/admin/users/{userID}/admin
POST /api/v1/admin/users/{userID}/grants
POST /api/v1/goals/{goalID}
POST /api/v1/goals/{goalID}/comments
POST /api/v1/goals/{goalID}/comments/{commentID}/replies
POST /api/v1/goals/{goalID}/comments/{commentID}/resolve
POST /api/v1/goals/{goalID}/comments/{commentID}/unresolve
POST /api/v1/goals/{goalID}/key-results
POST /api/v1/goals/{goalID}/links
POST /api/v1/goals/{goalID}/move-down
POST /api/v1/goals/{goalID}/move-up
POST /api/v1/goals/{goalID}/share
POST /api/v1/goals/{goalID}/transfer
POST /api/v1/goals/{goalID}/weight
POST /api/v1/krs/{krID}
POST /api/v1/krs/{krID}/description
POST /api/v1/krs/{krID}/move-down
POST /api/v1/krs/{krID}/move-up
POST /api/v1/krs/{krID}/note
POST /api/v1/krs/{krID}/progress/boolean
POST /api/v1/krs/{krID}/progress/numerical
POST /api/v1/krs/{krID}/progress/project
POST /api/v1/notifications/read
POST /api/v1/onboarding/join-request
POST /api/v1/periods/{periodID}/teams/activate
POST /api/v1/periods/{periodID}/teams/close
POST /api/v1/session/tenant
POST /api/v1/system/tenants
POST /api/v1/system/tenants/{id}/activity/purge
POST /api/v1/system/tenants/{id}/members
POST /api/v1/system/tenants/{id}/members/{userID}/deny
POST /api/v1/system/tenants/{id}/restore
POST /api/v1/system/tenants/{id}/suspend
POST /api/v1/teams/{teamID}/goals
POST /api/v1/teams/{teamID}/status
POST /goals/{goalID}/delete
POST /logout
POST /static/*
PUT /api/v1/admin/settings/notifications/{channel}
PUT /api/v1/notifications/preferences
PUT /api/v1/system/settings/default-registration-tenant
PUT /api/v1/system/settings/no-access-message
PUT /api/v1/system/tenants/{id}/entitlements
PUT /api/v1/system/tenants/{id}/members/{userID}/role
PUT /api/v1/system/users/{userID}/system-admin
PUT /static/*
TRACE /static/*
